mingw32-make.exe : Makefile:22: *** "vsim not found in PATH. Please ensure Questa is properly installed and added to 
PATH".  Stop.
At line:2 char:1
+ & C:\msys64\ucrt64\bin\mingw32-make.exe SHELL=C:/msys64/usr/bin/sh.ex ...
+ ~~~~~~~~~~~~~~~~~~~~~~~~~~~~~~~~~~~~~~~~~~~~~~~~~~~~~~~~~~~~~~~~~~~~~
    + CategoryInfo          : NotSpecified: (Makefile:22: **...o PATH".  Stop.:String) [], RemoteException
    + FullyQualifiedErrorId : NativeCommandError
 
